0.0003657	0.034511600000000003	0.22829099999999999	0.22003700000000001	0.1029978	0.1182144	0.19967579999999999	0.090334399999999995	0.0055465000000000002	2.58e-05
0.00078770000000000001	0.073759099999999994	0.4390442	0.27798270000000003	0.039102400000000002	0.0300284	0.090634699999999999	0.045685200000000002	0.0029589999999999998	1.66e-05
0.000301	0.0297316	0.24610319999999999	0.3809939	0.23802209999999999	0.077084	0.022253599999999998	0.0051969	0.00031270000000000001	9.9999999999999995e-07
4.7999999999999998e-06	0.0	0.0	0.0012719999999999999	0.031998199999999997	0.24743770000000001	0.48554069999999999	0.22034909999999999	0.013333899999999999	6.3600000000000001e-05
0.00030899999999999998	0.0296352	0.21082989999999999	0.24637310000000001	0.13633970000000001	0.1189419	0.17503099999999999	0.077769000000000005	0.0047496999999999999	2.1500000000000001e-05
